#########################################################################
##################################################--#####################
####-----###################################-#####---####################
####-->---#########################--#####----#------####################
#####---##########################--------------####-####################
#####----#######################-#---------------###--###################
#####----#####################--------------------###--##################
#####-----####################--##---------------------##################
#####-----####--##############-----##---------------------###############
######---#####--#############$-##-###-------------##------###############
######----------#############$--####-----#---------------#-##############
######----------#############$##--###----#-------------#---##############
#####-------#----############$$--####------------------#---##############
###--------##------##########x$---###----#------------####-##-###########
###------------------######xx$$--xx-#-#-----------#--#####-----##########
#####-----------#------###xx-$$$--x-xx#--#--------#######------##########
######----------###----xxx--$$$$$-xx--x#-#--------#######-------#########
#######---------###-----xxx-$$$$$$$x---#-#--#-----##########--###########
########------------------x--$$$$$$$--##-#-------###########--#--########
#########--####----------------*******-----------#-#########-------######
##########-##########---------xx##$$#-----------------######--------#####
#####################----------x###$#-##-------------#######------#######
##########--#####-##-----------xx#$$$----------------#######-------######
#########------#-----xx#--------xx$$$$-----------------##----------######
##########----------#####x-----$$$$-#$$------------###-##--#--------#####
##########-----#-######xxx----#$xx--$$-----------####--#####--------#####
###########-####-#######------#x##x$$$$-##--------#----######----HH######
################-#######--#########$$$$$$-----######----#####----H----###
#####################################$$$$$#---#######------------H------#
########################################$$$$--#######------------+----#+#
###########################################$$#########---------#-H##+##-#
#######################################################---#-----HH------#
#######################################################-####---##-------#
###########################################################----##------##
############################################################--#####---###
#########################################################################