____[[[[[[[[[[[[_________________________________________________________[[[[[[[[[[[[[[[[[[[[[[[[[[[[[[[[[[[[[[[[[[[__
____[==========+______________***************____________________________[=========================================[__
____############_________********************************________________+=========================================[__
_x__#______+___#___************************************************______[[[[[[[[[[[[[[[[[[[[[[[[[[[[[[[[[[[[[[[[[[[__
_x__#______#___*******************************************************************************************____________
P___########*******************************************************************************************************___
__________*********___________*****************************************____________________________******************_
P_P___PPH***HPP________________PPP___P__________P_P_P_P___PP_____P______PxPx_____________$$$xxPxx___________********__
_########+++#############################################################################################____*******__
_#xHHHHHP***PH----------------HP$$$$$$P____________________________________________******************__P#P____****____
P#xHHHHH_***_H----------------H_**********************************************************************_H#_____****____
P#xHHHHH_***_HHHHHHHHHHHHHHHHHH_****__####################*****############################+++++#######H#_____****____
P#*******************************_**__#------------------#*****#----------##---------#----------------#H#_____****____
P#*******************************_****+------------------#*****+----------##---------#----------------#H#_____****____
_#_HHHHHH***__HHHHHHHHHHHHHHHHH_*_**__####################*****#############---------#----------------#H#_____****____
_#_HHHHHH***__H---------------H_*_**__#------------------#*****#----------##---------#----------------#H#_____****____
_#_[===-H***__H---------------H_*_****+------------------#*****+----------##---------+----------------#H#_____****P___
_#_[===-H***__H---------------H_*_**__####################*****#############---------+----------------#H#_____****____
P#_[===-H***__HHHHHHHH+HHHHHHHH_*_**__#------------------#*****+----------##---------#----------------#H#____******___
_#_[===-+************************_****+------------------#*****#----------##---------######++++++######H#___********__
_#_+===-+************************_**__####################*****#############---------#----------------#H#___P*********
_#_[===-H***HHHHHHHHHH**P***P****_**__#------------------#*****+----------##---------+----------------#H#___**********
_#_[===-H***H--------H***$$$*****_****+------------------#*****#----------##---------+----------------#H#___**********
P#_[===-H***+--------H***$$$*****_**__####################*****#############---------#----------------#H#___**********
_#_[[HHHH***H--------H**P***P****_****#------------------#*****#----------##---------#----------------#H#___**********
_#_[=H--H***H----HH+HH***********_****+------------------#*****+----------##---------#----------------#H#__x**********
_#_[=H--H***H-H+HH__HH***********_***_####################*****#############---------#----------------#H#_P_**********
_#_[=H--H***HHH____########++###*_**__#------------------#*****#----------######+#################+####H#_x_P*********
_#_[=H--+***+___[HH#--#--------#*_****+------------------#*****+----------##---------#----------------#H#_x__*********
_#_[=H--H***HHH_[H-#--#--------#*_***_####################*****#############---------#----------------#H#_____****____
_#_[=H--H***H-H_[_-#--+--------#****_____**********************[___PPPx____#---------#----------------#H#_######+####_
P#_[=H--H***+-H_[__#--#--------#***********_*******************[______x____#---------#----------------#H#_#---------#_
P#_+=H--H***H-H_[__#--#--------#****************__________*____[_____P_____#---------#----------------#H#_#---------#_
P#_[[HHHH***H-H_################****************__________*____[[[[[[[[[[[[############################[#P#####-----#_
_#______P***HHH_________________*************_*****************************__________P_________PPP_____H#P#---+-----#_
_########+++#############################################################################################_#####-----#_
PPP_P__PH***HPP_P_________P**********$$$$*****[**$$$*********x-#-----$$$$$--#-------#xx_________P_________#---+-----#_
PPP_P__PH*************************************+******************-----------+-------#xx_________P_________###########_
PPP_P__PH*************************************[[[[[[[[[[[[[[[[[######################xx_________P_____________________
Px____________________________*****************************************___________________________________