P_P___PPH***HPP________________PPP___P__________P_P_P_P___PP_____P
_########+++#####################################_____P_______x___
_#xHHHHHP***P__P______________PP$$$$$$P________P#____________xPx__P_P_P___PP_____P
P#xHHHHH_***_HHHHHHHHHH_HHHHHHH_*************__H#______________x______P_______x___
P#xHHHHH_***_HHHHHHHHHH_HHHHHHH_*###########*__H#P_______P___________________xPx__
P#*******************************#---------#*__H#______________xx______________x__
P#*******************************#---------#*__H#___________PP___x_______P________
_#_HHHHHH***__HHHHHHHHHHHHHHHHH_*#---------#*__H#_________x_P__________________xx_
_#_HHHHHH***__HHHHHHHHHHHHHHHHH_*#---------#*__H#_______xxPP________________PP___x
_#_[===HH***__HHH-----------HHH_*#---------#*__H#_________xPPPPx__________x_P_____
_#_[===HH***__HHHHHH------HHHHH_*#---------#*__H#______xPPPPPPPP________xxPP______
P#_[===HH***__HHHHHHHH+HHHHHHHH_*#---------#*__H#_______xPPPPP____________xPPPPx__
_#_[===HH************************#---------#*__H#________xPPP___P_
_#_+===HH************************#---------#*__H#_x_____xPP_x_____
_#_[===HH***HHHHHHHHHH**P***P****+---------#*__H#P_______xx_xx____
_#_[===HH***H--------H***$$$*****+---------#*__H#__________PPPx___
P#_[===HH***+--------H***$$$*****#---------#*__H#P_______x_x______
_#_[[HHHH***HHH_HHH_HH**P***P****#---------#*__H#P______xxx_______
_#_[=HHHH***HHH_HHH+HH***********#---------#*__H#____________P____
_#_[=HHHH***HHH+HH__HH***********#---------#*__H#_____________PPPP
_#_[=HHHH***HHH____########++###*#####+#####*P_H#________xPPP___P_
_#_[=HHHH***+___[HH#--#--------#*#---------#*P_H#_x_____xPP_x_____
_#_[=HHHH***HHH_[HH#--#--------#*#---------#*P_H#________xx_xx____
_#_[=HHHH***HHH_[_H#--+--------#*#---------#*__H#__________PPPx___
P#_[=HHHH***HHH_[__#--#--------#*#---------#*__H#_____P_______x___
P#_+=HHHH***HHH_[__#--#--------#*#---------#*__H#______x_____P____
P#_[[HHHH***HHH_################*###########*__H#________P_x__x___
_#______P***PHH_________________*************__H#P_________PPP___P
_########+++#####################################__P_______xP_P__$
PPP_P__PH***HPP_P_________P_____________PPP_______________P_xx____