P_P___PP_____PP_______________xPPP___P__x______xP_P_P___PP_____PP_______________xPPP___P__x______xP_
__P_______x_________x________xxP______xPP___________P_______x_________x________xxP______xPP_________
_________xPx_______xPx________x______x_PPPx________________xPx_______xPx________x______x_PPPx_______
___________x________x____________x_x$_xPPP___________________x________x____________x_x$_xPPP________
_____P________________xxP______Pxx$P$$xx_x_____________P________________xxP__________________P_____P
___________xx__x_______x______xxx$$$$$xPPP___________________xx__x_______x______x___________P_P_____
________PP___xPPx____PP__P_____x$$$$$$xxxx________________PP___xPPx____PP__P_______________________P
______x_P________________________$$$$$$x_x______________x_P________________________________________P
____xxPP_______xPPP______P________Px$$$xx_____________xxPP_______xPPP______P_______________________P
______xPPPPx__P___________P________xx$$xx_______________xPPPPx__P_________________________P
___xPPPPPPPP_____P_________PP_______xxxxPP___________xPPPPPPPP_____P_________PP____________________P
____xPPPPP______________xx___xx___xxxx_____P__________xPPPPP______________xx___xx_____P______
_____xPPP___P__________PPx___Px______________x_________xPPP___P__________PPx___Px______________x____
____xPP_x_______P______Px___________P____PP_____x_____xPP_x_______P______Px___P____PP_____x_
_____xx_xx_____PP________x______PPP______P_____________xx_xx_____PP________x______PPP______P________
_______PPPx_______PPx___PPx____PPPP_____PP____x__________PPPx_______PPx___PPx____PPPP_____PP____x__P
_____x_x_________________________PP____________________x_x_________________________PP_______________
____xxx_______P__________P__P__PPP____P_______________xxx_______P__________P__P__PPP____P___________
_________P____________P__PP_P_PP___________________________P____________P__PP_P_PP__________________
_______________________P____PPPPP___________________________PPPPP_________________
_____xPPP___P__________PPx___Px______________x_________xPPP___P__________PPx___Px______________x____
____xPP_x_______P______Px___________P____PP_____x_____xPP_x_______P______Px___________P____PP_____x_
_____xx_xx_____PP________x______PPP______P_____________xx_xx_____PP________x______PPP______P________
_______PPPx_______PPx___PPx____PPPP_____PP____x__________PPPx_______PPx___PPx____PPPP_____PP____x___
__P_______x_________x________xxP______xPP___________P_______x_________x________xxP______xPP_________
___x_____P____________P__PP_P_PP_____________________x_____P____________P__PP_P_PP__________________
_____P_x__x______P________________________P____________P_x__x______P________________________P_______
_______PPP___P$__P_______Px_x_____xxx_P______P___________PPP___P$__P_______Px_x_____xxx_P______P____
_______xP_P__$$$_P______PPPx______Px_xPxx_P______P_______xP_P__$$$_P______PPPx______Px_xPxx_P______P
______P_xx____$$$_________PPP_______xxxxx___P___________P_xx____$$$_________PPP___________x___P_____
