P_P___PP_____PP_______________xPPP___P__x______xP_P_P___PP_____PP_______________xPPP___P__x______xP_
__P_______x_________x________xxP______xPP___________P_______x_________x________xxP______xPP_________
_________xPx_______xP______________[[[[[[[[[[[[[[[[[[[[[[[[[[[[_x_PPPx_______x________x______x_PPPx_
___________x________x______________[_x___****$$$$$$$$______x_x[_xPPP____________________x_x$_xPPP__
_____P_______________#####################*****$$$*$****______[_______P_____P_xxP______Pxx$P$$xx_x__
___________xx__x_____#---------#---------#x*********************_____P_P_______x______xxx$$$$$xPPP__
________PP___xPPx____#---------+---------#*x************************________PPP__P_____x$$$$$$xxxx__
______x_P____________#---------#---------+*******************_[_*****____________________$$$$$$x_x__
____xxPP_______xPPP__###########---------#*****************___[___*****_____P____P________Px$$$xx___
______xPPPPx__P______#---------#---------########PPx**x_______[_____****__________P________xx$$xx___
___xPPPPPPPP_____P___#---------+---------+----$$#_____PP______[_______***___P______PP_______xxxxPP__
____xPPPPP___________#---------#---------#------#__xx___xx____[P______*******___xx___xx___xxxx_____P
_____xPPP___P________############################_PPx___Px____[_____x_xxx******PPx___Px_****________
____xPP_x_______P____[___x_____xPP_x_______P______Px___P____PP[____x_PPPPPPPP_***___*****__*****_PP_
_____xx_xx_____PP____[__________xx_xx_____PP________x______PPP[_____P_xx_PPPP__******___PPP____*****
_______PPPx_______PPx[[[[[[[[[[[[[[[[[[[[[[[[[[[[[[[[[[[[[[[[[[P___PP____x__P___PPx____PPPP_____PP__
_____x_x_________________________PP____________________x_x_________________________PP_______________
____xxx_______P__________P__P__PPP____P__x_x$$$$$__PP_xxx_______P__________P__P__PPP____P___________
_________P____________P__PP_P_PP_____xxx$$$$$$$$$$$$P______P____________P__PP_P_PP__________________
_______________________P____PPPPP___x$$$$$$$$$$$$$$$$___#___PPPPP___________________________________
_____xPPP___P__________PPx___Px______x$$$$$$$$$$$$$$##_xPPP___P__________PPx___Px______________x____
____xPP_x_______P______Px___________Pxx$$$$$$$$$xxx__###P_x_______P______Px___________P____PP_____x_
_____xx_xx_____PP________x______PPP__x$$$$$$$xxP#_P____xx_xx_____PP________x______PPP______P________
_______PPPx_______PPx___PPx____PPPP_$$$_PP_xx_x__________PPPx_______PPx___PPx____PPPP_____PP____x___
__P_______x_________x________xxP______xPP___________P_______x_________x________xxP______xPP_________
___x_____P____________P__PP_P_PP_____________________x_____P____________P__PP_P_PP__________________
_____P_x__x______P________________________P____________P_x__x______P________________________P_______
_______PPP___P$__P_______Px_x_____xxx_P______P___________PPP___P$__P_______Px_x_____xxx_P______P____
_______xP_P__$$$_P______PPPx______Px_xPxx_P______P_______xP_P__$$$_P______PPPx______Px_xPxx_P______P
______P_xx____$$$_________PPP_______xxxxx___P___________P_xx____$$$_________PPP___________x___P_____
