__________________________________________________________________________________________
_________________________________________P______________________________x_________________
__________________________________________________________________________________________
_____________________________________________________________________$____________________
__________________________________________________________________________________________
_________________________________________________P________________________________________
__________________________________________________________________________________________
__________________________________________________________________________________________
__________________________________________________________________________________________
__________________________________________________________________________________________
__________________________________________________________________________________________
__P____________________________________________________________________________x__________
__________________________________________________________________________________________
________________________________________________P_________________________________________
_P_______________________________________________________________x________________________
__________________________________________________________________________________________
__________________________________________________________________________________________
__________________________________________________________________________________________
_________________________________________P________________________________________________
_______________________________________________________________P__________________________
__________________________________________________________________________________________
__________________________________________________________________________________________
_______________________________________________P_____________________________________P____
_____________x____________________________________________________________________________
_____________________________________________________________________%____________________
________P_________________________________________________________________________________
__________________________________________________________________________________________
__________________________________________________________________________________________
__________________________________________________________________________________________
____________________________________________________P________________x____________________