____________________________________________________________________________
____________P______________________________________________P________________
___________xxxxxxxxxxx______________________________________________________
_______xxxxx__xxxxxxxxxxxxxx___________________HHHHHH_______________________
_____xxxxxxx_______xxxxxxxxxxx____P____________HHHHHH_______________________
___xxxxxxxx____$$$$$$____P__xxxx_______________HH+HHH_______________________
____xxxxxx__$$$$$__$$$$$_____xxP____P__________________P____________________
______$$$$$$$$$$___P_$$P____P_xxx_xxx_P_____________________________________
________$$$$$$_____$$$$$$$$____xxxxxx_______________________________________
_____________________P$P$$$$___##########################xx_________________
________________________$$_____#------------------------#xxxx_______________
______________________P________#-------------------x#---########____________
_________x_______________P_____+------------------$$#---+------#____________
________xP_______________xP____+------------------$$#---#------#____________
________________________P__P__x#-------------------x#---########____________
_______________________________#------------------------#xxxx_______________
_________________$$$$$$______xx##########################xx_____P___________
__________________$$$$$$$____x_xx__P_$$$$$_xxxxxxxxx__xxx___________________
_____________P_____$$$$$_______x__$$$$$xxxxxxxxx_______x____________________
__________xxxxxxxxxxx_$$$$$$$__xxxxxxxxxxx__________________________________
____________xxxxxxxxxxx$$_xxxxxxx____xxxxxxxx_______________________________
__________________xxxxxxxxxxxxxx______P_____________________________________
____________________________________________________________________________