############################################################
#----P--x---P----xxxxxPPPxxxxx----------##xxPx--------xxxxx#
#-----Px---xx--P----xxPxPx-------P------##---xxPx-------Pxx#
####+######################################----x----------x#
#-----xP-##################################----------------#
#---x----##>>###----$$$$$$$$$$$$$$$$----###---P-----P-----x#
#--xPx---##--#------$$$$$$$$$$$$$$$$----###----P-xx----x--x#
#----x---###+#-----#$$$$$$$$$$$$$$$$#---###---P---<----P--x#
#--------###--------****************------+--P--P-P----x---#
#--------###+#-----#$$$$$$$$$$$$$$$$#---###P----xx---------#
#--------##--#------$$$$$$$$$$$$$$$$----###----------------#
#--------##>>###----$$$$$$$$$$$$$$$$----###-------P--P-----#
#--------##################################---P------------#
####+######################################---------P-----x#
#x-------x---------x--P---------xPx------+-P-------------xx#
####+##################+###########+######---------xP------#
#$$----xP#------#-------------#---------###--------xPPPx---#
#$$$----x#------#-------------#---------##----------xP-xxx-#
############################################################