############################################################
#----P--x---P----xxxxxPPPxxxxx------------xxPx--------xxxxx#
#-----Px---xx--P----xxPxPx-------P-----------xxPx-------Pxx#
#--P---x------xx---xx--P-----P-----------------x----------x#
#-----xP-----P----xxxxx--------------xxx-------------------#
#---x---------xx---x$$$$$$$$$$$$$$$$$$$x------P-----P-----x#
#--xPx-------xPx----$$$$$$$$$$$$$$$$$$$--------P-xx----x--x#
#----x---------xx---$$$$$$$$$$$$$$$$$$$-------PPx-\----P--x#
#-------------xPx---$$$$$$$$$$$$$$$$$$$------P--P-P----x---#
#-------------xx----$$$$$$$$$$$$$$$$$$$----P----xx---------#
#------------xPx-xPx$$$$$$$$$$$$$$$$$$$-PP-----------------#
#-------------x-x-xx$$$$$$$$$$$$$$$$$$$x----------P--P-----#
#--------P---------Pxxx---------xxxxxPxx------P------------#
#-------xx---------------------xPxx-xx-x------------P-----x#
#x-------x---------x--P---------xPx--------P-------------xx#
#$-----------------Px------------x------P-----------xP-----#
#$$----xPx-----------------------------------------xPPPx---#
#$$$----x-------------------------------------------xP-xxx-#
############################################################