_PPP_$$PPx_Pxx_xPx___Pxx$$Pxxx$$$$$$$$$$$$$$$$$$$$$$$$$$$$$$$$$$$$$$$$$xxx__
__P$$$$$$$$$$$$$$$$$$$$$$$$$$$$$$$$$$$$$$$$$$$$$xPxxP_xP$$$$$$$$$$$$$$PPPxx_
_P$$$$$############################################################$$$PxPx__
P__$$$_###-##-##-##-##-#####-##-##-##-##-##-##-##-##-##-#####-#####$$$$Pxx__
__P$$P_##---------------###-------------#-----------------#------##__$$$x___
__$$$$_#-----------------#--------------#-----------------+-------#___$$x___
__$$$P_##---------------###-------------+----------------##------##__$$x____
__$$$$$##----------------+------------x##---------------###------##__$______
P__$$$P#----------------###-----------###----------------x#-------#_$$______
__$$$$P##----------------#------------x##---------------->#------##_$$______
_P_$$$_###-##-##-##-##-####-------------+---------------#x#------##__$$_____
___$$_P########################++++#############+++##########+#####___$$$___
___$$_x###-##-##-##-##--##--------------#-----------------#------##____$$___
__P$$Px#-----------------##------------##-----------------+------##____$____
__P$$xx##----------------###----------###-----------------#-------#___$$____
___$$__##----------------##------------##-----------------###+#####_$$$_____
_P$$$$_#-----------------#--------------+-----------------#------##$$$______
_$$$$$_##----------------+--------------+-----------------+------<#_$$______
P$$$$__##----------------#--------------+-----------------#------##_$$$_____
_$$$___###-##--##-##-##-##--###--------###-##-##-##-##-##-##-##-###__$$_____
__$$$__##########################++++##############################$$$$$____
__P$$$$_xxxxx$$$$P$$$$$$xPPPx$$$-****-$P$$$$$$PP$x$$$$x$x$$_$$$$$$$$$$$$____
___P_$$$$$$$$$_$$$$__$$$$$$$$$$$-****-$$$$$$$$$$$$$$x$$$$_$$_$$$___$$$______